#
# There is insufficient memory for the Java Runtime Environment to continue.
# Native memory allocation (mmap) failed to map 255852544 bytes. Error detail: G1 virtual space
# Possible reasons:
#   The system is out of physical RAM or swap space
#   This process is running with CompressedOops enabled, and the Java Heap may be blocking the growth of the native heap
# Possible solutions:
#   Reduce memory load on the system
#   Increase physical memory or swap space
#   Check if swap backing store is full
#   Decrease Java heap size (-Xmx/-Xms)
#   Decrease number of Java threads
#   Decrease Java thread stack sizes (-Xss)
#   Set larger code cache with -XX:ReservedCodeCacheSize=
#   JVM is running with Zero Based Compressed Oops mode in which the Java heap is
#     placed in the first 32GB address space. The Java Heap base address is the
#     maximum limit for the native heap growth. Please use -XX:HeapBaseMinAddress
#     to set the Java Heap base and to place the Java Heap above 32GB virtual address.
# This output file may be truncated or incomplete.
#
#  Out of Memory Error (os_windows.cpp:3618), pid=18004, tid=35960
#
# JRE version:  (17.0.16+8) (build )
# Java VM: OpenJDK 64-Bit Server VM (17.0.16+8, mixed mode, sharing, tiered, compressed oops, compressed class ptrs, g1 gc, windows-amd64)
# No core dump will be written. Minidumps are not enabled by default on client versions of Windows
#

---------------  S U M M A R Y ------------

Command Line: org.jetbrains.kotlin.cli.jvm.K2JVMCompiler @D:\flutter\packages\flutter_tools\gradle\build\20260924_5085269102646232125.compiler.options

Host: AMD Ryzen 7 7445HS w/ Radeon 740M Graphics     , 12 cores, 15G,  Windows 11 , 64 bit Build 26100 (10.0.26100.9444)
Time: Thu Sep 24 14:49:53 2026 India Standard Time elapsed time: 0.012316 seconds (0d 0h 0m 0s)

---------------  T H R E A D  ---------------

Current thread (0x0000023bd9d694e0):  JavaThread "Unknown thread" [_thread_in_vm, id=35960, stack(0x000000ad66200000,0x000000ad66300000)]

Stack: [0x000000ad66200000,0x000000ad66300000]
Native frames: (J=compiled Java code, j=interpreted, Vv=VM code, C=native code)
V  [jvm.dll+0x683169]
V  [jvm.dll+0x839ac8]
V  [jvm.dll+0x83b573]
V  [jvm.dll+0x83bbe3]
V  [jvm.dll+0x2473ff]
V  [jvm.dll+0x67ff49]
V  [jvm.dll+0x674e3a]
V  [jvm.dll+0x304ea6]
V  [jvm.dll+0x30c366]
V  [jvm.dll+0x35deee]
V  [jvm.dll+0x35e12d]
V  [jvm.dll+0x2dc26c]
V  [jvm.dll+0x2dd184]
V  [jvm.dll+0x80ba1b]
V  [jvm.dll+0x36b921]
V  [jvm.dll+0x7ea5df]
V  [jvm.dll+0x3f24fe]
V  [jvm.dll+0x3f4031]
C  [jli.dll+0x5278]
C  [ucrtbase.dll+0x2cd30]
C  [KERNEL32.DLL+0x2cd87]
C  [ntdll.dll+0xacaec]


---------------  P R O C E S S  ---------------

Threads class SMR info:
_java_thread_list=0x00007ff9f26e7f58, length=0, elements={
}

Java Threads: ( => current thread )

Other Threads:
  0x0000023bd9dd7270 GCTaskThread "GC Thread#0" [stack: 0x000000ad66300000,0x000000ad66400000] [id=35296]
  0x0000023bd9e05470 ConcurrentGCThread "G1 Main Marker" [stack: 0x000000ad66400000,0x000000ad66500000] [id=35440]
  0x0000023bd9e06530 ConcurrentGCThread "G1 Conc#0" [stack: 0x000000ad66500000,0x000000ad66600000] [id=34552]

[error occurred during error reporting (printing all threads), id 0xc0000005, EXCEPTION_ACCESS_VIOLATION (0xc0000005) at pc=0x00007ff9f1e9cd97]

VM state: not at safepoint (not fully initialized)

VM Mutex/Monitor currently owned by a thread:  ([mutex/lock_event])
[0x0000023bd9d676f0] Heap_lock - owner thread: 0x0000023bd9d694e0

Heap address: 0x000000070c400000, size: 3900 MB, Compressed Oops mode: Zero based, Oop shift amount: 3

CDS archive(s) mapped at: [0x0000000000000000-0x0000000000000000-0x0000000000000000), size 0, SharedBaseAddress: 0x0000000800000000, ArchiveRelocationMode: 1.
Narrow klass base: 0x0000000000000000, Narrow klass shift: 0, Narrow klass range: 0x0

GC Precious Log:
<Empty>

Heap:
 garbage-first heap   total 0K, used 0K [0x000000070c400000, 0x0000000800000000)
  region size 2048K, 0 young (0K), 0 survivors (0K)

[error occurred during error reporting (printing heap information), id 0xc0000005, EXCEPTION_ACCESS_VIOLATION (0xc0000005) at pc=0x00007ff9f228c869]

GC Heap History (0 events):
No events

Dll operation events (1 events):
Event: 0.008 Loaded shared library C:\Program Files\Eclipse Adoptium\jdk-17.0.16.8-hotspot\bin\java.dll

Deoptimization events (0 events):
No events

Classes loaded (0 events):
No events

Classes unloaded (0 events):
No events

Classes redefined (0 events):
No events

Internal exceptions (0 events):
No events

VM Operations (0 events):
No events

Memory protections (0 events):
No events

Nmethod flushes (0 events):
No events

Events (0 events):
No events


Dynamic libraries:
0x00007ff72aec0000 - 0x00007ff72aece000 	C:\Program Files\Eclipse Adoptium\jdk-17.0.16.8-hotspot\bin\java.exe
0x00007ffb3ca60000 - 0x00007ffb3ccc7000 	C:\windows\SYSTEM32\ntdll.dll
0x00007ffb3aa60000 - 0x00007ffb3ab2b000 	C:\windows\System32\KERNEL32.DLL
0x00007ffb39e80000 - 0x00007ffb3a282000 	C:\windows\System32\KERNELBASE.dll
0x00007ffb3a3c0000 - 0x00007ffb3a50c000 	C:\windows\System32\ucrtbase.dll
0x00007ffb24380000 - 0x00007ffb2439e000 	C:\Program Files\Eclipse Adoptium\jdk-17.0.16.8-hotspot\bin\VCRUNTIME140.dll
0x00007ffb33ee0000 - 0x00007ffb33ef7000 	C:\Program Files\Eclipse Adoptium\jdk-17.0.16.8-hotspot\bin\jli.dll
0x00007ffb3ae70000 - 0x00007ffb3b03f000 	C:\windows\System32\USER32.dll
0x00007ffb1b8c0000 - 0x00007ffb1bb50000 	C:\windows\WinSxS\amd64_microsoft.windows.common-controls_6595b64144ccf1df_6.0.26100.9278_none_3e0d1ba8e3303201\COMCTL32.dll
0x00007ffb3a5d0000 - 0x00007ffb3a5f7000 	C:\windows\System32\win32u.dll
0x00007ffb3c780000 - 0x00007ffb3c829000 	C:\windows\System32\msvcrt.dll
0x00007ffb3a9d0000 - 0x00007ffb3a9fb000 	C:\windows\System32\GDI32.dll
0x00007ffb3a290000 - 0x00007ffb3a3b9000 	C:\windows\System32\gdi32full.dll
0x00007ffb3a520000 - 0x00007ffb3a5c3000 	C:\windows\System32\msvcp_win.dll
0x00007ffb3b6a0000 - 0x00007ffb3b6d1000 	C:\windows\System32\IMM32.DLL
0x00007ffb246b0000 - 0x00007ffb246bc000 	C:\Program Files\Eclipse Adoptium\jdk-17.0.16.8-hotspot\bin\vcruntime140_1.dll
0x00007ffa46a70000 - 0x00007ffa46afd000 	C:\Program Files\Eclipse Adoptium\jdk-17.0.16.8-hotspot\bin\msvcp140.dll
0x00007ff9f1bb0000 - 0x00007ff9f281b000 	C:\Program Files\Eclipse Adoptium\jdk-17.0.16.8-hotspot\bin\server\jvm.dll
0x00007ffb3a8f0000 - 0x00007ffb3a9ac000 	C:\windows\System32\ADVAPI32.dll
0x00007ffb3ad50000 - 0x00007ffb3adf9000 	C:\windows\System32\sechost.dll
0x00007ffb3c880000 - 0x00007ffb3c998000 	C:\windows\System32\RPCRT4.dll
0x00007ffb3bf50000 - 0x00007ffb3bfd0000 	C:\windows\System32\WS2_32.dll
0x00007ffb39ac0000 - 0x00007ffb39b1e000 	C:\windows\SYSTEM32\POWRPROF.dll
0x00007ffb248f0000 - 0x00007ffb24926000 	C:\windows\SYSTEM32\WINMM.dll
0x00007ffb30140000 - 0x00007ffb3014b000 	C:\windows\SYSTEM32\VERSION.dll
0x00007ffb39aa0000 - 0x00007ffb39ab5000 	C:\windows\SYSTEM32\UMPDC.dll
0x00007ffb38930000 - 0x00007ffb3894b000 	C:\windows\SYSTEM32\kernel.appcore.dll
0x00007ffb236c0000 - 0x00007ffb236ca000 	C:\Program Files\Eclipse Adoptium\jdk-17.0.16.8-hotspot\bin\jimage.dll
0x00007ffb2ef80000 - 0x00007ffb2f1cc000 	C:\windows\SYSTEM32\DBGHELP.DLL
0x00007ffb3b2f0000 - 0x00007ffb3b675000 	C:\windows\System32\combase.dll
0x00007ffb3a810000 - 0x00007ffb3a8e9000 	C:\windows\System32\OLEAUT32.dll
0x00007ffb28c30000 - 0x00007ffb28c6b000 	C:\windows\SYSTEM32\dbgcore.DLL
0x00007ffb3a600000 - 0x00007ffb3a6ac000 	C:\windows\System32\bcryptPrimitives.dll
0x00007ffb1ab90000 - 0x00007ffb1abb5000 	C:\Program Files\Eclipse Adoptium\jdk-17.0.16.8-hotspot\bin\java.dll

dbghelp: loaded successfully - version: 4.0.5 - missing functions: none
symbol engine: initialized successfully - sym options: 0x614 - pdb path: .;C:\Program Files\Eclipse Adoptium\jdk-17.0.16.8-hotspot\bin;C:\windows\SYSTEM32;C:\windows\WinSxS\amd64_microsoft.windows.common-controls_6595b64144ccf1df_6.0.26100.9278_none_3e0d1ba8e3303201;C:\Program Files\Eclipse Adoptium\jdk-17.0.16.8-hotspot\bin\server

VM Arguments:
java_command: org.jetbrains.kotlin.cli.jvm.K2JVMCompiler @D:\flutter\packages\flutter_tools\gradle\build\20260924_5085269102646232125.compiler.options
java_class_path (initial): C:\Users\ranit\.gradle\caches\modules-2\files-2.1\org.jetbrains.kotlin\kotlin-compiler-embeddable\2.2.20\bb8331b7585e36ea311825b01a1c06860c055fd1\kotlin-compiler-embeddable-2.2.20.jar;C:\Users\ranit\.gradle\caches\modules-2\files-2.1\org.jetbrains.kotlin\kotlin-stdlib\2.2.20\5380b19fa1924399b62ce3a1faffebb2b4f82272\kotlin-stdlib-2.2.20.jar;C:\Users\ranit\.gradle\caches\modules-2\files-2.1\org.jetbrains.kotlin\kotlin-script-runtime\2.2.20\4c679cbeac0bb583b75c3a080013da8eaf240807\kotlin-script-runtime-2.2.20.jar;C:\Users\ranit\.gradle\caches\modules-2\files-2.1\org.jetbrains.kotlin\kotlin-reflect\1.6.10\1cbe9c92c12a94eea200d23c2bbaedaf3daf5132\kotlin-reflect-1.6.10.jar;C:\Users\ranit\.gradle\caches\modules-2\files-2.1\org.jetbrains.kotlin\kotlin-daemon-embeddable\2.2.20\feff12d48d7f1eb628742b0a721395e16f8755bf\kotlin-daemon-embeddable-2.2.20.jar;C:\Users\ranit\.gradle\caches\modules-2\files-2.1\org.jetbrains.kotlinx\kotlinx-coroutines-core-jvm\1.8.0\ac1dc37a30a93150b704022f8d895ee1bd3a36b3\kotlinx-coroutines-core-jvm-1.8.0.jar;C:\Users\ranit\.gradle\caches\modules-2\files-2.1\org.jetbrains\annotations\13.0\919f0dfe192fb4e063e7dacadee7f8bb9a2672a9\annotations-13.0.jar
Launcher Type: SUN_STANDARD

[Global flags]
     intx CICompilerCount                          = 4                                         {product} {ergonomic}
     uint ConcGCThreads                            = 3                                         {product} {ergonomic}
     uint G1ConcRefinementThreads                  = 10                                        {product} {ergonomic}
   size_t G1HeapRegionSize                         = 2097152                                   {product} {ergonomic}
    uintx GCDrainStackTargetSize                   = 64                                        {product} {ergonomic}
   size_t InitialHeapSize                          = 255852544                                 {product} {ergonomic}
   size_t MarkStackSize                            = 4194304                                   {product} {ergonomic}
   size_t MaxHeapSize                              = 4089446400                                {product} {ergonomic}
   size_t MinHeapDeltaBytes                        = 2097152                                   {product} {ergonomic}
   size_t MinHeapSize                              = 8388608                                   {product} {ergonomic}
    uintx NonNMethodCodeHeapSize                   = 5839372                                {pd product} {ergonomic}
    uintx NonProfiledCodeHeapSize                  = 122909434                              {pd product} {ergonomic}
    uintx ProfiledCodeHeapSize                     = 122909434                              {pd product} {ergonomic}
    uintx ReservedCodeCacheSize                    = 251658240                              {pd product} {ergonomic}
     bool SegmentedCodeCache                       = true                                      {product} {ergonomic}
   size_t SoftMaxHeapSize                          = 4089446400                             {manageable} {ergonomic}
     bool UseCompressedClassPointers               = true                           {product lp64_product} {ergonomic}
     bool UseCompressedOops                        = true                           {product lp64_product} {ergonomic}
     bool UseG1GC                                  = true                                      {product} {ergonomic}
     bool UseLargePagesIndividualAllocation        = false                                  {pd product} {ergonomic}

Logging:
Log output configuration:
 #0: stdout all=warning uptime,level,tags
 #1: stderr all=off uptime,level,tags

Environment Variables:
JAVA_HOME=C:\Program Files\Eclipse Adoptium\jdk-17.0.16.8-hotspot\
PATH=C:\Program Files\Eclipse Adoptium\jdk-17.0.16.8-hotspot\bin;C:\windows\system32;C:\windows;C:\windows\System32\Wbem;C:\windows\System32\WindowsPowerShell\v1.0\;C:\windows\System32\OpenSSH\;C:\Program Files (x86)\NVIDIA Corporation\PhysX\Common;C:\Program Files\NVIDIA Corporation\NVIDIA App\NvDLISR;C:\Users\Administrator\AppData\Local\Microsoft\WindowsApps;C:\Program Files\HP\OMEN-Broadcast\Common;C:\Program Files\Git\cmd;C:\Program Files\nodejs\;C:\src\flutter\bin;C:\Program Files\Amazon\AWSSAMCLI\bin\;C:\Program Files\Amazon\AWSCLIV2\;C:\Program Files\dotnet\;C:\Program Files\Docker\Docker\resources\bin;C:\Program Files\GitHub CLI\;C:\Program Files\PowerShell\7\;C:\Users\ranit\AppData\Local\Microsoft\WindowsApps;C:\Users\ranit\AppData\Local\Programs\cursor\resources\app\bin;C:\Users\ranit\AppData\Local\Programs\Microsoft VS Code\bin;C:\Users\ranit\AppData\Roaming\npm;C:\Users\ranit\AppData\Local\Microsoft\WinGet\Packages\pingbird.Puro_Microsoft.Winget.Source_8wekyb3d8bbwe;D:\flutter\bin;D:\flutter\bin;C:\Program Files\PostgreSQL\18\bin;C:\Program Files\Amazon\AWSCLIV2\bin;C:\Program Files\maven-mvnd-1.0.3-windows-amd64\maven-mvnd-1.0.3-windows-amd64\bin;C:\Users\ranit\AppData\Local\Programs\Antigravity\bin;C:\Users\ranit\.dotnet\tools;C:\Program Files\dotnet;C:\Users\ranit\AppData\Local\Pub\Cache\bin;C:\Users\ranit\AppData\Local\Programs\Antigravity IDE\bin;C:\Users\ranit\AppData\Local\Programs\Kiro\bin;C:\Users\ranit\AppData\Local\GitHubDesktop\bin;C:\Users\ranit\AppData\Local\Microsoft\WinGet\Links;C:\Users\ranit\AppData\Local\Microsoft\WinGet\Packages\PHP.PHP.8.4_Microsoft.Winget.Source_8wekyb3d8bbwe;
USERNAME=ranit
OS=Windows_NT
PROCESSOR_IDENTIFIER=AMD64 Family 25 Model 124 Stepping 0, AuthenticAMD
TMP=C:\Users\ranit\AppData\Local\Temp
TEMP=C:\Users\ranit\AppData\Local\Temp



Periodic native trim disabled


---------------  S Y S T E M  ---------------

OS:
 Windows 11 , 64 bit Build 26100 (10.0.26100.9444)
OS uptime: 0 days 3:15 hours
Hyper-V role detected

CPU: total 12 (initial active 12) (12 cores per cpu, 2 threads per core) family 25 model 124 stepping 0 microcode 0xa70c00a, cx8, cmov, fxsr, ht, mmx, 3dnowpref, sse, sse2, sse3, ssse3, sse4a, sse4.1, sse4.2, popcnt, lzcnt, tsc, tscinvbit, avx, avx2, aes, erms, clmul, bmi1, bmi2, adx, avx512f, avx512dq, avx512cd, avx512bw, avx512vl, sha, fma, vzeroupper, avx512_vpopcntdq, avx512_vpclmulqdq, avx512_vaes, avx512_vnni, clflush, clflushopt, avx512_vbmi2, avx512_vbmi, hv
Processor Information for all 12 processors :
  Max Mhz: 3201, Current Mhz: 2497, Mhz Limit: 3201

Memory: 4k page, system-wide physical 15599M (475M free)
TotalPageFile size 40344M (AvailPageFile size 226M)
current process WorkingSet (physical memory assigned to process): 12M, peak: 12M
current process commit charge ("private bytes"): 64M, peak: 308M

vm_info: OpenJDK 64-Bit Server VM (17.0.16+8) for windows-amd64 JRE (17.0.16+8), built on Jul 16 2025 10:37:56 by "admin" with MS VC++ 17.7 (VS2022)

END.
